2021-08-23T02:45:08.957Z open
2021-08-23T02:46:05.840Z open
